../Src/LCD_prg.c:16:6:H_LCD_void_init	8	static
../Src/LCD_prg.c:66:6:H_LCD_void_clear	8	static
../Src/LCD_prg.c:70:6:H_LCD_void_clearRaw1	8	static
../Src/LCD_prg.c:76:6:H_LCD_void_clearRaw2	8	static
../Src/LCD_prg.c:82:6:H_LCD_void_sendCommand	16	static
../Src/LCD_prg.c:89:6:H_LCD_void_sendData	16	static
../Src/LCD_prg.c:96:6:H_LCD_void_sendString	16	static
../Src/LCD_prg.c:103:6:H_LCD_void_sendIntNum	40	static
../Src/LCD_prg.c:141:6:H_LCD_void_goToXY	16	static
../Src/LCD_prg.c:159:6:H_LCD_void_creatCustomChar	24	static
../Src/LCD_prg.c:173:6:H_LCD_void_displayCustomChar	16	static
../Src/LCD_prg.c:177:13:H_LCD_void_writeNlatch	16	static
